// Jest Snapshot v1, https://goo.gl/fbAQLP

exports[`Snapshot test Should  represent the component 1`] = `
Object {
  "asFragment": [Function],
  "baseElement": <body>
    <div>
      <div
        class="sc-bdvvtL bSAafL"
      >
        <div
          class="sc-gsDKAQ eTdEsu"
        >
          <label
            for="label"
          >
            label
          </label>
          <input
            checked=""
            id="label"
            name="label"
            type="checkbox"
          />
        </div>
        <div
          class="sc-gsDKAQ eTdEsu"
        >
          <label
            for="value"
          >
            value
          </label>
          <input
            checked=""
            id="value"
            name="value"
            type="checkbox"
          />
        </div>
        <div
          class="sc-gsDKAQ eTdEsu"
        >
          <label
            for="type"
          >
            type
          </label>
          <input
            checked=""
            id="type"
            name="type"
            type="checkbox"
          />
        </div>
        <div
          class="sc-gsDKAQ eTdEsu"
        >
          <label
            for="description"
          >
            description
          </label>
          <input
            checked=""
            id="description"
            name="description"
            type="checkbox"
          />
        </div>
        <div
          class="sc-gsDKAQ eTdEsu"
        >
          <label
            for="category"
          >
            category
          </label>
          <input
            checked=""
            id="category"
            name="category"
            type="checkbox"
          />
        </div>
      </div>
    </div>
  </body>,
  "container": <div>
    <div
      class="sc-bdvvtL bSAafL"
    >
      <div
        class="sc-gsDKAQ eTdEsu"
      >
        <label
          for="label"
        >
          label
        </label>
        <input
          checked=""
          id="label"
          name="label"
          type="checkbox"
        />
      </div>
      <div
        class="sc-gsDKAQ eTdEsu"
      >
        <label
          for="value"
        >
          value
        </label>
        <input
          checked=""
          id="value"
          name="value"
          type="checkbox"
        />
      </div>
      <div
        class="sc-gsDKAQ eTdEsu"
      >
        <label
          for="type"
        >
          type
        </label>
        <input
          checked=""
          id="type"
          name="type"
          type="checkbox"
        />
      </div>
      <div
        class="sc-gsDKAQ eTdEsu"
      >
        <label
          for="description"
        >
          description
        </label>
        <input
          checked=""
          id="description"
          name="description"
          type="checkbox"
        />
      </div>
      <div
        class="sc-gsDKAQ eTdEsu"
      >
        <label
          for="category"
        >
          category
        </label>
        <input
          checked=""
          id="category"
          name="category"
          type="checkbox"
        />
      </div>
    </div>
  </div>,
  "debug": [Function],
  "findAllByAltText": [Function],
  "findAllByDisplayValue": [Function],
  "findAllByLabelText": [Function],
  "findAllByPlaceholderText": [Function],
  "findAllByRole": [Function],
  "findAllByTestId": [Function],
  "findAllByText": [Function],
  "findAllByTitle": [Function],
  "findByAltText": [Function],
  "findByDisplayValue": [Function],
  "findByLabelText": [Function],
  "findByPlaceholderText": [Function],
  "findByRole": [Function],
  "findByTestId": [Function],
  "findByText": [Function],
  "findByTitle": [Function],
  "getAllByAltText": [Function],
  "getAllByDisplayValue": [Function],
  "getAllByLabelText": [Function],
  "getAllByPlaceholderText": [Function],
  "getAllByRole": [Function],
  "getAllByTestId": [Function],
  "getAllByText": [Function],
  "getAllByTitle": [Function],
  "getByAltText": [Function],
  "getByDisplayValue": [Function],
  "getByLabelText": [Function],
  "getByPlaceholderText": [Function],
  "getByRole": [Function],
  "getByTestId": [Function],
  "getByText": [Function],
  "getByTitle": [Function],
  "queryAllByAltText": [Function],
  "queryAllByDisplayValue": [Function],
  "queryAllByLabelText": [Function],
  "queryAllByPlaceholderText": [Function],
  "queryAllByRole": [Function],
  "queryAllByTestId": [Function],
  "queryAllByText": [Function],
  "queryAllByTitle": [Function],
  "queryByAltText": [Function],
  "queryByDisplayValue": [Function],
  "queryByLabelText": [Function],
  "queryByPlaceholderText": [Function],
  "queryByRole": [Function],
  "queryByTestId": [Function],
  "queryByText": [Function],
  "queryByTitle": [Function],
  "rerender": [Function],
  "unmount": [Function],
}
`;
